// 重构日志: efd62a31
// 重构日志: 8598fce7
// 重构日志: f14113db
// 重构日志: 037f54d3
// 重构日志: 13fa59a7
// 同步 ID: c9e4c91d @ Mon Jul 27 05:50:43 UTC 2026
// 同步 ID: d68b12f9 @ Mon Jul 27 09:35:24 UTC 2026
// 重构日志: 514caa07
// 同步 ID: 3962739b @ Tue Jul 28 13:45:17 UTC 2026
// 同步 ID: af42666e @ Wed Jul 29 20:15:14 UTC 2026
// 重构日志: 7cf89e39
// 同步 ID: a786e57d @ Thu Jul 30 15:45:57 UTC 2026
// 重构日志: 49c67cf9
// 同步 ID: 3620d20b @ Fri Jul 31 13:58:38 UTC 2026
// 同步 ID: 3e0ef8b9 @ Sat Aug  1 01:35:12 UTC 2026
// 重构日志: 32eb023f
// 重构日志: a77728cc
// 同步 ID: cba527b6 @ Sun Aug  2 11:52:14 UTC 2026
// 重构日志: d848d0d9
// 重构日志: 021266f1
// 同步 ID: 6ae9aba1 @ Mon Aug  3 05:22:12 UTC 2026
// 重构日志: 2fa9e008
// 同步 ID: 2f7e0579 @ Tue Aug  4 16:45:19 UTC 2026
// 同步 ID: c7f8645e @ Wed Aug  5 05:19:51 UTC 2026
// 重构日志: 5ba5d815
// 重构日志: 9f918b0c
// 重构日志: 154b4ba9
// 重构日志: d5e50cc2
// 重构日志: 7e523a96
// 同步 ID: 9dbb5f62 @ Fri Aug  7 04:15:41 UTC 2026
